// Jest Snapshot v1, https://goo.gl/fbAQLP

exports[`AppInputText should render both label and icon 1`] = `
<View>
  <Text
    style={
      [
        {
          "color": undefined,
          "fontSize": 27,
        },
        {
          "fontSize": 30,
          "paddingBottom": 14.75,
        },
      ]
    }
  >
    AppInputText
  </Text>
  <View
    style={
      [
        {
          "alignItems": "center",
          "borderColor": "#272727",
          "borderRadius": 8,
          "borderWidth": 1,
          "flexDirection": "row",
          "width": "100%",
        },
        {
          "backgroundColor": "white",
        },
        {
          "borderColor": "#595959",
        },
      ]
    }
  >
    <TextInput
      autoCapitalize="none"
      autoCorrect={false}
      clearErrors={[Function]}
      formState={
        {
          "defaultValues": undefined,
        }
      }
      getFieldState={[Function]}
      getValues={[Function]}
      handleSubmit={[Function]}
      onChangeText={[Function]}
      placeholder="placeholder"
      placeholderTextColor="#A3A3A3"
      register={[Function]}
      reset={[Function]}
      resetField={[Function]}
      secureTextEntry={true}
      setError={[Function]}
      setFocus={[Function]}
      setValue={[Function]}
      spellCheck={false}
      style={
        [
          {
            "color": "#272727",
            "flex": 1,
            "fontSize": 30,
            "paddingHorizontal": 29.5,
          },
          {
            "paddingVertical": 22,
          },
        ]
      }
      trigger={[Function]}
      unregister={[Function]}
      value="defaultValue"
      watch={[Function]}
    />
    <View
      accessibilityState={
        {
          "busy": undefined,
          "checked": undefined,
          "disabled": undefined,
          "expanded": undefined,
          "selected": undefined,
        }
      }
      accessibilityValue={
        {
          "max": undefined,
          "min": undefined,
          "now": undefined,
          "text": undefined,
        }
      }
      accessible={true}
      collapsable={false}
      focusable={true}
      hitSlop={
        {
          "bottom": 32,
          "left": 32,
          "right": 32,
          "top": 32,
        }
      }
      onBlur={[Function]}
      onClick={[Function]}
      onFocus={[Function]}
      onResponderGrant={[Function]}
      onResponderMove={[Function]}
      onResponderRelease={[Function]}
      onResponderTerminate={[Function]}
      onResponderTerminationRequest={[Function]}
      onStartShouldSetResponder={[Function]}
      style={
        [
          undefined,
          {
            "opacity": 1,
          },
        ]
      }
    >
      <Text
        allowFontScaling={false}
        selectable={false}
        style={
          [
            {
              "color": "#C4C4C4",
              "fontSize": 36,
            },
            {
              "paddingRight": 14.75,
            },
            {
              "fontFamily": "Feather",
              "fontStyle": "normal",
              "fontWeight": "normal",
            },
            {},
          ]
        }
      >
        
      </Text>
    </View>
  </View>
</View>
`;
